2026-08-26 07:00:46,287 INFO Fail to find connection runtime ejector for name nacos,use default

2026-08-26 07:00:46,319 INFO ConnectionMetrics, totalCount = 0, detail = {long_connection=0, long_polling=0}

2026-08-26 07:00:47,291 INFO Connection check task start

2026-08-26 07:00:47,292 INFO Long connection metrics detail ,Total count =0, sdkCount=0,clusterCount=0

2026-08-26 07:00:47,293 INFO Out dated connection ,size=0

2026-08-26 07:00:47,293 INFO Connection check task end

2026-08-26 07:00:49,322 INFO ConnectionMetrics, totalCount = 0, detail = {long_connection=0, long_polling=0}

2026-08-26 07:00:50,300 INFO Connection check task start

2026-08-26 07:00:50,301 INFO Long connection metrics detail ,Total count =0, sdkCount=0,clusterCount=0

2026-08-26 07:00:50,301 INFO Out dated connection ,size=0

2026-08-26 07:00:50,302 INFO Connection check task end

2026-08-26 07:00:52,325 INFO ConnectionMetrics, totalCount = 0, detail = {long_connection=0, long_polling=0}

2026-08-26 07:00:53,302 INFO Connection check task start

2026-08-26 07:00:53,303 INFO Long connection metrics detail ,Total count =0, sdkCount=0,clusterCount=0

2026-08-26 07:00:53,303 INFO Out dated connection ,size=0

2026-08-26 07:00:53,304 INFO Connection check task end

2026-08-26 07:00:55,329 INFO ConnectionMetrics, totalCount = 0, detail = {long_connection=0, long_polling=0}

2026-08-26 07:00:56,305 INFO Connection check task start

2026-08-26 07:00:56,305 INFO Long connection metrics detail ,Total count =0, sdkCount=0,clusterCount=0

2026-08-26 07:00:56,305 INFO Out dated connection ,size=0

2026-08-26 07:00:56,305 INFO Connection check task end

2026-08-26 07:00:58,331 INFO ConnectionMetrics, totalCount = 0, detail = {long_connection=0, long_polling=0}

2026-08-26 07:00:59,307 INFO Connection check task start

2026-08-26 07:00:59,308 INFO Long connection metrics detail ,Total count =0, sdkCount=0,clusterCount=0

2026-08-26 07:00:59,308 INFO Out dated connection ,size=0

2026-08-26 07:00:59,308 INFO Connection check task end

2026-08-26 07:01:01,334 INFO ConnectionMetrics, totalCount = 0, detail = {long_connection=0, long_polling=0}

2026-08-26 07:01:02,310 INFO Connection check task start

2026-08-26 07:01:02,310 INFO Long connection metrics detail ,Total count =0, sdkCount=0,clusterCount=0

2026-08-26 07:01:02,311 INFO Out dated connection ,size=0

2026-08-26 07:01:02,311 INFO Connection check task end

2026-08-26 07:01:04,337 INFO ConnectionMetrics, totalCount = 0, detail = {long_connection=0, long_polling=0}

2026-08-26 07:01:05,311 INFO Connection check task start

2026-08-26 07:01:05,312 INFO Long connection metrics detail ,Total count =0, sdkCount=0,clusterCount=0

2026-08-26 07:01:05,312 INFO Out dated connection ,size=0

2026-08-26 07:01:05,312 INFO Connection check task end

2026-08-26 07:01:07,339 INFO ConnectionMetrics, totalCount = 0, detail = {long_connection=0, long_polling=0}

2026-08-26 07:01:08,314 INFO Connection check task start

2026-08-26 07:01:08,315 INFO Long connection metrics detail ,Total count =0, sdkCount=0,clusterCount=0

2026-08-26 07:01:08,316 INFO Out dated connection ,size=0

2026-08-26 07:01:08,316 INFO Connection check task end

2026-08-26 07:01:10,341 INFO ConnectionMetrics, totalCount = 0, detail = {long_connection=0, long_polling=0}

2026-08-26 07:01:11,316 INFO Connection check task start

2026-08-26 07:01:11,317 INFO Long connection metrics detail ,Total count =0, sdkCount=0,clusterCount=0

2026-08-26 07:01:11,317 INFO Out dated connection ,size=0

2026-08-26 07:01:11,317 INFO Connection check task end

